WDR 1234567 50000 0000000 ***
WDR 1234567 50100 0000000 ***
EOS