NEW 1234569 000 0000000 Areege Chaudhary
DEP 1234568 5000 0000000 ***
EOS