Enter 'login' to login:
What type of session would you like?
Please enter a transaction code:
Enter the account number that you would like to deposit to:
Enter the amount that you would like to deposit in cents:
Please enter a transaction code:
Enter 'login' to login: