Enter 'login' to login:
What type of session would you like?
Please enter a transaction code:
Enter the account number that you would like to withdraw from:
Enter the amount that you would like to withdraw in cents:
Withdrawing more than $999,999.99 is not authorized.
Enter the amount that you would like to withdraw in cents: