Enter 'login' to login:
What type of session would you like?
Please enter a transaction code:
Enter the account number that you would like to withdraw from:
Enter the amount that you would like to withdraw in cents:
Please enter a transaction code:
Enter the account number that you would like to withdraw from:
Enter the amount that you would like to withdraw in cents:
You may not withdraw more than $1000 per ATM session.
Enter the amount that you would like to withdraw in cents: