Enter 'login' to login:
What type of session would you like?
Please enter a transaction code:
Enter the account number that you would like to transfer from:
Enter the account number that you would like to transfer to:
Enter the amount that you would like to transfer (in cents):
Transferring more than $999,999.99 is not authorized.
Enter the amount that you would like to transfer (in cents):