Enter 'login' to login:
What type of session would you like?
Please enter a transaction code:
Enter the account number that you would like to transfer from:
Enter the account number that you would like to transfer to:
Cannot find that account in our system.
Enter the account number that you would like to transfer to: