Enter 'login' to login:
What type of session would you like?
Please enter a transaction code:
Enter a new account number:
The account number must be made up on digits.
Enter a new account number: