Enter 'login' to login:
What type of session would you like?
Please enter a transaction code:
Enter a new account number:
Enter a name for the account:
The name has to be between 3 and 30 alphanumeric characters.
Enter a name for the account: