Enter 'login' to login:
What type of session would you like?
Please enter a transaction code:
Enter a new account number:
Enter a name for the account:
The name cannot begin or end with a space.
Enter a name for the account: