Enter 'login' to login:
What type of session would you like?
Please enter a transaction code:
Not a valid transaction code. Please try again: