Enter 'login' to login:
What type of session would you like?
Please enter a transaction code:
Enter the account number to be deleted:
Cannot find that account in our system.
Enter the account number to be deleted: